{
    "Should run without failures": {
        "content": [
            {
                "0": [
                    [
                        9000003,
                        "9000003.fa:md5,c0498775d89b9f2e5f13d00251276088",
                        ">kraken:taxid|9000003|NC_002207.1 Influenza B virus -B/Lee/1940 segment 4, complete sequence"
                    ]
                ]
            }
        ],
        "meta": {
            "nf-test": "0.9.2",
            "nextflow": "24.10.4"
        },
        "timestamp": "2025-12-09T14:44:13.819447"
    }
}