{
    "Should run without failures": {
        "content": [
            {
                "0": [
                    [
                        {
                            "id": "test.9000000",
                            "taxid": 9000000,
                            "sample_id": "test"
                        },
                        [
                            "test_1.fastq.gz:md5,01e18a1b25a8d6939b02595c0154086e",
                            "test_2.fastq.gz:md5,c09a3e533a6fff087699905977295063"
                        ],
                        "9000000.fa:md5,6c38e163d9237257547847cfdc3bbe1c",
                        "test.9000000.sorted.bam:md5,0efae94b652690da4cae4ba175563a5c",
                        "test.9000000.sorted.bam.bai:md5,536c3a693cabd649465bf8bd1fcd5aed"
                    ]
                ]
            }
        ],
        "meta": {
            "nf-test": "0.9.2",
            "nextflow": "24.10.4"
        },
        "timestamp": "2025-12-09T13:59:51.891811"
    }
}