{
    "Should run without failures": {
        "content": [
            {
                "0": [
                    [
                        {
                            "id": "test2.9000000",
                            "taxid": 9000000,
                            "sample_id": "test2"
                        },
                        "test2.9000000.sorted.bam:md5,889f09bfe09b2d0d98c51fbbfd57dd3a",
                        "test2.9000000.sorted.bam.bai:md5,3246b03eab5b39f491e9159c2d5c583b",
                        "test2.9000000.consensus.fa:md5,8fa86ad0980cad63ea403c60ac2a3fb3",
                        "test2.9000000.qc.json:md5,ef2b0b33b0827fc0d6abab0838e8af67"
                    ]
                ]
            }
        ],
        "meta": {
            "nf-test": "0.9.2",
            "nextflow": "24.10.4"
        },
        "timestamp": "2025-12-09T14:32:39.751969"
    }
}