{
    "Should run without failures": {
        "content": [
            {
                "0": [
                    [
                        {
                            "longest_non_n_subsequence": "2335",
                            "ref_selected": "A/Taiwan/1/1986(H1N1) segment 1",
                            "sample_id": "49759_2_96",
                            "reference_header": ">kraken:taxid|8076432|A/Taiwan/1/1986-H1N1 segment 1",
                            "virus": "2955291",
                            "num_reads": "38188",
                            "taxid": "8076432",
                            "flu_segment": "1",
                            "sample_subtype": "",
                            "selected_taxid": "8076432",
                            "id": "49759_2_96.8076432",
                            "virus_name": "Alphainfluenzavirus influenzae",
                            "report_name": "Influenza A Virus",
                            "virus_subtype": "H1N1",
                            "parent_selected": null
                        },
                        "49759_2_96.8076432.properties.json:md5,9ade9d5816fd3ac8d611bf0163f24005"
                    ]
                ],
                "1": [
                    [
                        "consensus_sequence_properties.json:md5,c6cb58e5eefb57e7a64259ac67e5cf62",
                        "summary_report.csv:md5,f211a99be984667130ce7effa84cd206"
                    ]
                ],
                "publish_run_level_summaries_ch": [
                    [
                        "consensus_sequence_properties.json:md5,c6cb58e5eefb57e7a64259ac67e5cf62",
                        "summary_report.csv:md5,f211a99be984667130ce7effa84cd206"
                    ]
                ],
                "publish_seq_level_ch": [
                    [
                        {
                            "longest_non_n_subsequence": "2335",
                            "ref_selected": "A/Taiwan/1/1986(H1N1) segment 1",
                            "sample_id": "49759_2_96",
                            "reference_header": ">kraken:taxid|8076432|A/Taiwan/1/1986-H1N1 segment 1",
                            "virus": "2955291",
                            "num_reads": "38188",
                            "taxid": "8076432",
                            "flu_segment": "1",
                            "sample_subtype": "",
                            "selected_taxid": "8076432",
                            "id": "49759_2_96.8076432",
                            "virus_name": "Alphainfluenzavirus influenzae",
                            "report_name": "Influenza A Virus",
                            "virus_subtype": "H1N1",
                            "parent_selected": null
                        },
                        "49759_2_96.8076432.properties.json:md5,9ade9d5816fd3ac8d611bf0163f24005"
                    ]
                ]
            }
        ],
        "meta": {
            "nf-test": "0.9.2",
            "nextflow": "25.04.4"
        },
        "timestamp": "2025-10-15T15:42:13.943058161"
    }
}