{
    "Workflow Should run end to end without failures, no changes on snapshot expected": {
        "content": [
            {
                "0": [
                    [
                        {
                            "sample_id": "FluH1N1_SARSCoV2_hPIV1_33K_ea_P1",
                            "taxid": "2697049",
                            "id": "FluH1N1_SARSCoV2_hPIV1_33K_ea_P1.2697049",
                            "reference_header": ">kraken:taxid|2697049|NC_045512.2 Severe acute respiratory syndrome coronavirus 2 isolate Wuhan-Hu-1, complete genome"
                        },
                        [
                            "FluH1N1_SARSCoV2_hPIV1_33K_ea_P1_2697049_R1.fq:md5,8bcd96733f6e9c5fac417d76012f06cf",
                            "FluH1N1_SARSCoV2_hPIV1_33K_ea_P1_2697049_R2.fq:md5,7379101db73756bc92027d7b704aefca"
                        ],
                        "2697049.fa:md5,7ca8f77fb20a6bcb1eb0ce45d2504268"
                    ],
                    [
                        {
                            "sample_id": "FluH1N1_SARSCoV2_hPIV1_33K_ea_P1",
                            "taxid": "9000016",
                            "id": "FluH1N1_SARSCoV2_hPIV1_33K_ea_P1.9000016",
                            "reference_header": ">kraken:taxid|9000016|NC_026438.1 Influenza A virus -A/California/07/2009-H1N1 segment 1, polymerase PB2 -PB2 gene, complete cds"
                        },
                        [
                            "FluH1N1_SARSCoV2_hPIV1_33K_ea_P1_9000016_R1.fq:md5,8f7798c15073cd45bbbf68f5b57b68b1",
                            "FluH1N1_SARSCoV2_hPIV1_33K_ea_P1_9000016_R2.fq:md5,3a20860499ce579a8982d539a09e26c4"
                        ],
                        "9000016.fa:md5,f5f85d01f06c78fe44ecb9dfce3652b7"
                    ],
                    [
                        {
                            "sample_id": "SARSCoV2_FluH1N1_50K_each_P1",
                            "taxid": "2697049",
                            "id": "SARSCoV2_FluH1N1_50K_each_P1.2697049",
                            "reference_header": ">kraken:taxid|2697049|NC_045512.2 Severe acute respiratory syndrome coronavirus 2 isolate Wuhan-Hu-1, complete genome"
                        },
                        [
                            "SARSCoV2_FluH1N1_50K_each_P1_2697049_R1.fq:md5,487c4688192a8580bae7a72019340396",
                            "SARSCoV2_FluH1N1_50K_each_P1_2697049_R2.fq:md5,b3f2833cd0baf71d0fd951521bd9d985"
                        ],
                        "2697049.fa:md5,7ca8f77fb20a6bcb1eb0ce45d2504268"
                    ],
                    [
                        {
                            "sample_id": "SARSCoV2_FluH1N1_50K_each_P1",
                            "taxid": "9000016",
                            "id": "SARSCoV2_FluH1N1_50K_each_P1.9000016",
                            "reference_header": ">kraken:taxid|9000016|NC_026438.1 Influenza A virus -A/California/07/2009-H1N1 segment 1, polymerase PB2 -PB2 gene, complete cds"
                        },
                        [
                            "SARSCoV2_FluH1N1_50K_each_P1_9000016_R1.fq:md5,0ba7cd87e25d0d9208c99ef3bc3b20b8",
                            "SARSCoV2_FluH1N1_50K_each_P1_9000016_R2.fq:md5,98a6e22e931935fd6dd21b7ba727ba0c"
                        ],
                        "9000016.fa:md5,f5f85d01f06c78fe44ecb9dfce3652b7"
                    ],
                    [
                        {
                            "sample_id": "Zeptometrix_Panel_2_1_Control1_P1",
                            "taxid": "9000016",
                            "id": "Zeptometrix_Panel_2_1_Control1_P1.9000016",
                            "reference_header": ">kraken:taxid|9000016|NC_026438.1 Influenza A virus -A/California/07/2009-H1N1 segment 1, polymerase PB2 -PB2 gene, complete cds"
                        },
                        [
                            "Zeptometrix_Panel_2_1_Control1_P1_9000016_R1.fq:md5,94540de063d589baa3ee5075da17dbc8",
                            "Zeptometrix_Panel_2_1_Control1_P1_9000016_R2.fq:md5,81ef32ce874725ebf4415dc26a60c75b"
                        ],
                        "9000016.fa:md5,f5f85d01f06c78fe44ecb9dfce3652b7"
                    ]
                ],
                "1": [
                    {
                        "flu_segment": "",
                        "num_reads": "5773",
                        "parent_selected": "False",
                        "ref_selected": "Severe acute respiratory syndrome coronavirus 2",
                        "report_name": "Severe acute respiratory syndrome-related coronavirus",
                        "sample_id": "FluH1N1_SARSCoV2_hPIV1_33K_ea_P1",
                        "sample_subtype": "",
                        "selected_taxid": "2697049",
                        "virus": "694009",
                        "virus_name": "Severe acute respiratory syndrome-related coronavirus",
                        "virus_subtype": ""
                    },
                    {
                        "flu_segment": "",
                        "num_reads": "7297",
                        "parent_selected": "False",
                        "ref_selected": "Severe acute respiratory syndrome coronavirus 2",
                        "report_name": "Severe acute respiratory syndrome-related coronavirus",
                        "sample_id": "SARSCoV2_FluH1N1_50K_each_P1",
                        "sample_subtype": "",
                        "selected_taxid": "2697049",
                        "virus": "694009",
                        "virus_name": "Severe acute respiratory syndrome-related coronavirus",
                        "virus_subtype": ""
                    },
                    {
                        "flu_segment": "1",
                        "num_reads": "193",
                        "parent_selected": "True",
                        "ref_selected": "Influenza A/H1N1 segment 1",
                        "report_name": "Influenza A Virus",
                        "sample_id": "Zeptometrix_Panel_2_1_Control1_P1",
                        "sample_subtype": "",
                        "selected_taxid": "9000016",
                        "virus": "2955291",
                        "virus_name": "Alphainfluenzavirus influenzae",
                        "virus_subtype": "H1N1"
                    },
                    {
                        "flu_segment": "1",
                        "num_reads": "2171",
                        "parent_selected": "False",
                        "ref_selected": "Influenza A/H1N1 segment 1",
                        "report_name": "Influenza A Virus",
                        "sample_id": "FluH1N1_SARSCoV2_hPIV1_33K_ea_P1",
                        "sample_subtype": "",
                        "selected_taxid": "9000016",
                        "virus": "2955291",
                        "virus_name": "Alphainfluenzavirus influenzae",
                        "virus_subtype": "H1N1"
                    },
                    {
                        "flu_segment": "1",
                        "num_reads": "2703",
                        "parent_selected": "False",
                        "ref_selected": "Influenza A/H1N1 segment 1",
                        "report_name": "Influenza A Virus",
                        "sample_id": "SARSCoV2_FluH1N1_50K_each_P1",
                        "sample_subtype": "",
                        "selected_taxid": "9000016",
                        "virus": "2955291",
                        "virus_name": "Alphainfluenzavirus influenzae",
                        "virus_subtype": "H1N1"
                    }
                ],
                "sample_pre_report_ch": [
                    {
                        "flu_segment": "",
                        "num_reads": "5773",
                        "parent_selected": "False",
                        "ref_selected": "Severe acute respiratory syndrome coronavirus 2",
                        "report_name": "Severe acute respiratory syndrome-related coronavirus",
                        "sample_id": "FluH1N1_SARSCoV2_hPIV1_33K_ea_P1",
                        "sample_subtype": "",
                        "selected_taxid": "2697049",
                        "virus": "694009",
                        "virus_name": "Severe acute respiratory syndrome-related coronavirus",
                        "virus_subtype": ""
                    },
                    {
                        "flu_segment": "",
                        "num_reads": "7297",
                        "parent_selected": "False",
                        "ref_selected": "Severe acute respiratory syndrome coronavirus 2",
                        "report_name": "Severe acute respiratory syndrome-related coronavirus",
                        "sample_id": "SARSCoV2_FluH1N1_50K_each_P1",
                        "sample_subtype": "",
                        "selected_taxid": "2697049",
                        "virus": "694009",
                        "virus_name": "Severe acute respiratory syndrome-related coronavirus",
                        "virus_subtype": ""
                    },
                    {
                        "flu_segment": "1",
                        "num_reads": "193",
                        "parent_selected": "True",
                        "ref_selected": "Influenza A/H1N1 segment 1",
                        "report_name": "Influenza A Virus",
                        "sample_id": "Zeptometrix_Panel_2_1_Control1_P1",
                        "sample_subtype": "",
                        "selected_taxid": "9000016",
                        "virus": "2955291",
                        "virus_name": "Alphainfluenzavirus influenzae",
                        "virus_subtype": "H1N1"
                    },
                    {
                        "flu_segment": "1",
                        "num_reads": "2171",
                        "parent_selected": "False",
                        "ref_selected": "Influenza A/H1N1 segment 1",
                        "report_name": "Influenza A Virus",
                        "sample_id": "FluH1N1_SARSCoV2_hPIV1_33K_ea_P1",
                        "sample_subtype": "",
                        "selected_taxid": "9000016",
                        "virus": "2955291",
                        "virus_name": "Alphainfluenzavirus influenzae",
                        "virus_subtype": "H1N1"
                    },
                    {
                        "flu_segment": "1",
                        "num_reads": "2703",
                        "parent_selected": "False",
                        "ref_selected": "Influenza A/H1N1 segment 1",
                        "report_name": "Influenza A Virus",
                        "sample_id": "SARSCoV2_FluH1N1_50K_each_P1",
                        "sample_subtype": "",
                        "selected_taxid": "9000016",
                        "virus": "2955291",
                        "virus_name": "Alphainfluenzavirus influenzae",
                        "virus_subtype": "H1N1"
                    }
                ],
                "sample_taxid_ch": [
                    [
                        {
                            "sample_id": "FluH1N1_SARSCoV2_hPIV1_33K_ea_P1",
                            "taxid": "2697049",
                            "id": "FluH1N1_SARSCoV2_hPIV1_33K_ea_P1.2697049",
                            "reference_header": ">kraken:taxid|2697049|NC_045512.2 Severe acute respiratory syndrome coronavirus 2 isolate Wuhan-Hu-1, complete genome"
                        },
                        [
                            "FluH1N1_SARSCoV2_hPIV1_33K_ea_P1_2697049_R1.fq:md5,8bcd96733f6e9c5fac417d76012f06cf",
                            "FluH1N1_SARSCoV2_hPIV1_33K_ea_P1_2697049_R2.fq:md5,7379101db73756bc92027d7b704aefca"
                        ],
                        "2697049.fa:md5,7ca8f77fb20a6bcb1eb0ce45d2504268"
                    ],
                    [
                        {
                            "sample_id": "FluH1N1_SARSCoV2_hPIV1_33K_ea_P1",
                            "taxid": "9000016",
                            "id": "FluH1N1_SARSCoV2_hPIV1_33K_ea_P1.9000016",
                            "reference_header": ">kraken:taxid|9000016|NC_026438.1 Influenza A virus -A/California/07/2009-H1N1 segment 1, polymerase PB2 -PB2 gene, complete cds"
                        },
                        [
                            "FluH1N1_SARSCoV2_hPIV1_33K_ea_P1_9000016_R1.fq:md5,8f7798c15073cd45bbbf68f5b57b68b1",
                            "FluH1N1_SARSCoV2_hPIV1_33K_ea_P1_9000016_R2.fq:md5,3a20860499ce579a8982d539a09e26c4"
                        ],
                        "9000016.fa:md5,f5f85d01f06c78fe44ecb9dfce3652b7"
                    ],
                    [
                        {
                            "sample_id": "SARSCoV2_FluH1N1_50K_each_P1",
                            "taxid": "2697049",
                            "id": "SARSCoV2_FluH1N1_50K_each_P1.2697049",
                            "reference_header": ">kraken:taxid|2697049|NC_045512.2 Severe acute respiratory syndrome coronavirus 2 isolate Wuhan-Hu-1, complete genome"
                        },
                        [
                            "SARSCoV2_FluH1N1_50K_each_P1_2697049_R1.fq:md5,487c4688192a8580bae7a72019340396",
                            "SARSCoV2_FluH1N1_50K_each_P1_2697049_R2.fq:md5,b3f2833cd0baf71d0fd951521bd9d985"
                        ],
                        "2697049.fa:md5,7ca8f77fb20a6bcb1eb0ce45d2504268"
                    ],
                    [
                        {
                            "sample_id": "SARSCoV2_FluH1N1_50K_each_P1",
                            "taxid": "9000016",
                            "id": "SARSCoV2_FluH1N1_50K_each_P1.9000016",
                            "reference_header": ">kraken:taxid|9000016|NC_026438.1 Influenza A virus -A/California/07/2009-H1N1 segment 1, polymerase PB2 -PB2 gene, complete cds"
                        },
                        [
                            "SARSCoV2_FluH1N1_50K_each_P1_9000016_R1.fq:md5,0ba7cd87e25d0d9208c99ef3bc3b20b8",
                            "SARSCoV2_FluH1N1_50K_each_P1_9000016_R2.fq:md5,98a6e22e931935fd6dd21b7ba727ba0c"
                        ],
                        "9000016.fa:md5,f5f85d01f06c78fe44ecb9dfce3652b7"
                    ],
                    [
                        {
                            "sample_id": "Zeptometrix_Panel_2_1_Control1_P1",
                            "taxid": "9000016",
                            "id": "Zeptometrix_Panel_2_1_Control1_P1.9000016",
                            "reference_header": ">kraken:taxid|9000016|NC_026438.1 Influenza A virus -A/California/07/2009-H1N1 segment 1, polymerase PB2 -PB2 gene, complete cds"
                        },
                        [
                            "Zeptometrix_Panel_2_1_Control1_P1_9000016_R1.fq:md5,94540de063d589baa3ee5075da17dbc8",
                            "Zeptometrix_Panel_2_1_Control1_P1_9000016_R2.fq:md5,81ef32ce874725ebf4415dc26a60c75b"
                        ],
                        "9000016.fa:md5,f5f85d01f06c78fe44ecb9dfce3652b7"
                    ]
                ]
            }
        ],
        "meta": {
            "nf-test": "0.9.2",
            "nextflow": "24.10.4"
        },
        "timestamp": "2025-12-15T15:33:18.162034"
    }
}